I'm sorry, but errors were detected in your script. Please correct the
errors listed below, and try again.


File "game/script.rpy", line 202: Bad screen language version.
    screen 5star
            ^

File "game/script.rpy", line 207: Bad screen language version.
    screen 4star
            ^

Ren'Py Version: Ren'Py 8.2.1.24030407
Mon Apr 15 10:43:18 2024
